../Core/Src/main.c:128:6:normalize_features	8	static
../Core/Src/main.c:133:6:debug_msg	8	static
../Core/Src/main.c:140:6:init_network	192	static,ignoring_inline_asm
../Core/Src/main.c:216:6:compute_mfcc_features	11096	static
../Core/Src/main.c:310:6:run_inference	320	static
../Core/Src/main.c:414:6:StartSendingChunks	0	static
../Core/Src/main.c:420:6:SendAllChunks_Blocking	24	static,ignoring_inline_asm
../Core/Src/main.c:451:6:delay_us	0	static
../Core/Src/main.c:458:6:StartRecording	48	static,ignoring_inline_asm
../Core/Src/main.c:495:6:StopRecording	0	static
../Core/Src/main.c:625:6:SystemClock_Config	128	static,ignoring_inline_asm
../Core/Src/main.c:508:5:main	80	static,ignoring_inline_asm
../Core/Src/main.c:1022:6:MX_USART3_UART_Init	8	static,ignoring_inline_asm
../Core/Src/main.c:1147:6:HAL_UART_RxCpltCallback	0	static
../Core/Src/main.c:1155:6:HAL_UART_TxCpltCallback	0	static
../Core/Src/main.c:1164:6:HAL_GPIO_EXTI_Callback	0	static
../Core/Src/main.c:1189:6:Error_Handler	0	static,ignoring_inline_asm
