../Core/Src/stm32h7xx_hal_msp.c:65:6:HAL_MspInit	8	static
../Core/Src/stm32h7xx_hal_msp.c:87:6:HAL_ADC_MspInit	232	static
../Core/Src/stm32h7xx_hal_msp.c:143:6:HAL_ADC_MspDeInit	8	static
../Core/Src/stm32h7xx_hal_msp.c:173:6:HAL_I2C_MspInit	232	static
../Core/Src/stm32h7xx_hal_msp.c:220:6:HAL_I2C_MspDeInit	8	static
../Core/Src/stm32h7xx_hal_msp.c:251:6:HAL_TIM_Base_MspInit	16	static
../Core/Src/stm32h7xx_hal_msp.c:283:6:HAL_TIM_Base_MspDeInit	8	static
../Core/Src/stm32h7xx_hal_msp.c:311:6:HAL_UART_MspInit	256	static
../Core/Src/stm32h7xx_hal_msp.c:428:6:HAL_UART_MspDeInit	8	static
