../Drivers/SSD1306/ssd1306.c:9:6:ssd1306_Reset	0	static
../Drivers/SSD1306/ssd1306.c:14:6:ssd1306_WriteCommand	32	static
../Drivers/SSD1306/ssd1306.c:20:6:ssd1306_WriteData	24	static
../Drivers/SSD1306/ssd1306.c:66:17:ssd1306_FillBuffer	8	static
../Drivers/SSD1306/ssd1306.c:179:6:ssd1306_Fill	0	static
../Drivers/SSD1306/ssd1306.c:184:6:ssd1306_UpdateScreen	16	static
../Drivers/SSD1306/ssd1306.c:205:6:ssd1306_DrawPixel	12	static
../Drivers/SSD1306/ssd1306.c:225:6:ssd1306_WriteChar	72	static
../Drivers/SSD1306/ssd1306.c:262:6:ssd1306_WriteString	40	static
../Drivers/SSD1306/ssd1306.c:276:6:ssd1306_SetCursor	0	static
../Drivers/SSD1306/ssd1306.c:282:6:ssd1306_Line	48	static
../Drivers/SSD1306/ssd1306.c:309:6:ssd1306_Polyline	32	static
../Drivers/SSD1306/ssd1306.c:344:6:ssd1306_DrawArc	72	static
../Drivers/SSD1306/ssd1306.c:384:6:ssd1306_DrawArcWithRadiusLine	80	static
../Drivers/SSD1306/ssd1306.c:427:6:ssd1306_DrawCircle	48	static
../Drivers/SSD1306/ssd1306.c:462:6:ssd1306_FillCircle	48	static
../Drivers/SSD1306/ssd1306.c:498:6:ssd1306_DrawRectangle	32	static
../Drivers/SSD1306/ssd1306.c:508:6:ssd1306_FillRectangle	24	static
../Drivers/SSD1306/ssd1306.c:522:17:ssd1306_InvertRectangle	28	static
../Drivers/SSD1306/ssd1306.c:553:6:ssd1306_DrawBitmap	48	static
../Drivers/SSD1306/ssd1306.c:577:6:ssd1306_SetContrast	8	static
../Drivers/SSD1306/ssd1306.c:583:6:ssd1306_SetDisplayOn	0	static
../Drivers/SSD1306/ssd1306.c:76:5:ssd1306_Init	8	static
../Drivers/SSD1306/ssd1306.c:595:9:ssd1306_GetDisplayOn	0	static
../Drivers/SSD1306/ssd1306.c:609:6:clear_ssd1306	8	static
../Drivers/SSD1306/ssd1306.c:599:6:refreash_display	16	static
